// Vitest Snapshot v1, https://vitest.dev/guide/snapshot.html

exports[`Widget Component > renders SearchInput and PositionGrid components 1`] = `
<div>
  <div
    class="Widget"
  >
    <input
      data-testid="mock-search-input"
      type="search"
      value=""
    />
    <div
      data-testid="mock-position-grid"
    />
  </div>
</div>
`;
